Exit code: 0
("abcd",1440)
Exit code: 0
Exit code: 2
