Exit code: 0
Exit code: 0
Exit code: 0
Exit code: 0
Exit code: 0
("abc")
Exit code: 0
("acc")
Exit code: 0
("ac")
Exit code: 0
("ab")
Exit code: 0
Exit code: 2
