Exit code: 0
Exit code: 0
Exit code: 0
Exit code: 0
